[debug] [2026-10-09T16:54:41.703Z] ----------------------------------------------------------------------
[debug] [2026-10-09T16:54:41.705Z] Command:       /usr/local/bin/firebase /Users/frankpaepens/.cache/firebase/tools/lib/node_modules/firebase-tools/lib/bin/firebase deploy --only hosting:altea-pub-app2
[debug] [2026-10-09T16:54:41.706Z] CLI Version:   13.0.3
[debug] [2026-10-09T16:54:41.707Z] Platform:      darwin
[debug] [2026-10-09T16:54:41.707Z] Node Version:  v18.5.0
[debug] [2026-10-09T16:54:41.712Z] Time:          Fri Oct 09 2026 18:54:41 GMT+0200 (Central European Summer Time)
[debug] [2026-10-09T16:54:41.712Z] ----------------------------------------------------------------------
[debug] 
[debug] [2026-10-09T16:54:41.718Z] >>> [apiv2][query] GET https://firebase-public.firebaseio.com/cli.json [none]
[debug] [2026-10-09T16:54:41.903Z] > command requires scopes: ["email","openid","https://www.googleapis.com/auth/cloudplatformprojects.readonly","https://www.googleapis.com/auth/firebase","https://www.googleapis.com/auth/cloud-platform"]
[debug] [2026-10-09T16:54:41.904Z] > authorizing via signed-in user (birdy.dvit@gmail.com)
[debug] [2026-10-09T16:54:41.905Z] [iam] checking project altea-24 for permissions ["firebase.projects.get","firebasehosting.sites.update"]
[debug] [2026-10-09T16:54:41.906Z] > refreshing access token with scopes: []
[debug] [2026-10-09T16:54:41.907Z] >>> [apiv2][query] POST https://www.googleapis.com/oauth2/v3/token [none]
[debug] [2026-10-09T16:54:41.908Z] >>> [apiv2][body] POST https://www.googleapis.com/oauth2/v3/token [omitted]
[debug] [2026-10-09T16:54:42.045Z] <<< [apiv2][status] POST https://www.googleapis.com/oauth2/v3/token 200
[debug] [2026-10-09T16:54:42.047Z] <<< [apiv2][body] POST https://www.googleapis.com/oauth2/v3/token [omitted]
[debug] [2026-10-09T16:54:42.069Z] >>> [apiv2][query] POST https://cloudresourcemanager.googleapis.com/v1/projects/altea-24:testIamPermissions [none]
[debug] [2026-10-09T16:54:42.069Z] >>> [apiv2][(partial)header] POST https://cloudresourcemanager.googleapis.com/v1/projects/altea-24:testIamPermissions x-goog-quota-user=projects/altea-24
[debug] [2026-10-09T16:54:42.069Z] >>> [apiv2][body] POST https://cloudresourcemanager.googleapis.com/v1/projects/altea-24:testIamPermissions {"permissions":["firebase.projects.get","firebasehosting.sites.update"]}
[debug] [2026-10-09T16:54:42.249Z] <<< [apiv2][status] GET https://firebase-public.firebaseio.com/cli.json 200
[debug] [2026-10-09T16:54:42.249Z] <<< [apiv2][body] GET https://firebase-public.firebaseio.com/cli.json {"cloudBuildErrorAfter":1594252800000,"cloudBuildWarnAfter":1590019200000,"defaultNode10After":1594252800000,"minVersion":"3.0.5","node8DeploysDisabledAfter":1613390400000,"node8RuntimeDisabledAfter":1615809600000,"node8WarnAfter":1600128000000}
[debug] [2026-10-09T16:54:42.789Z] <<< [apiv2][status] POST https://cloudresourcemanager.googleapis.com/v1/projects/altea-24:testIamPermissions 200
[debug] [2026-10-09T16:54:42.790Z] <<< [apiv2][body] POST https://cloudresourcemanager.googleapis.com/v1/projects/altea-24:testIamPermissions {"permissions":["firebase.projects.get","firebasehosting.sites.update"]}
[debug] [2026-10-09T16:54:42.791Z] >>> [apiv2][query] GET https://firebase.googleapis.com/v1beta1/projects/altea-24 [none]
[debug] [2026-10-09T16:54:43.111Z] <<< [apiv2][status] GET https://firebase.googleapis.com/v1beta1/projects/altea-24 200
[debug] [2026-10-09T16:54:43.111Z] <<< [apiv2][body] GET https://firebase.googleapis.com/v1beta1/projects/altea-24 {"projectId":"altea-24","projectNumber":"75363142531","displayName":"Birdy Reservations","name":"projects/altea-24","resources":{"hostingSite":"altea-24"},"state":"ACTIVE","labels":{"firebase":"enabled"},"etag":"1_903c0f6f-99c3-4220-ad80-abc2aba4899c"}
[info] 
[info] === Deploying to 'altea-24'...
[info] 
[info] i  deploying hosting 
[debug] [2026-10-09T16:54:43.119Z] >>> [apiv2][query] POST https://firebasehosting.googleapis.com/v1beta1/projects/-/sites/altea-pub-app2/versions [none]
[debug] [2026-10-09T16:54:43.120Z] >>> [apiv2][body] POST https://firebasehosting.googleapis.com/v1beta1/projects/-/sites/altea-pub-app2/versions {"status":"CREATED","labels":{"deployment-tool":"cli-firebase"}}
[debug] [2026-10-09T16:54:44.856Z] <<< [apiv2][status] POST https://firebasehosting.googleapis.com/v1beta1/projects/-/sites/altea-pub-app2/versions 200
[debug] [2026-10-09T16:54:44.857Z] <<< [apiv2][body] POST https://firebasehosting.googleapis.com/v1beta1/projects/-/sites/altea-pub-app2/versions {"name":"projects/75363142531/sites/altea-pub-app2/versions/1be2ea59527e247f","status":"CREATED","config":{},"labels":{"deployment-tool":"cli-firebase"}}
[info] i  hosting[altea-pub-app2]: beginning deploy... 
[info] i  hosting[altea-pub-app2]: found 78 files in dist/altea-pub-app2 
[debug] [2026-10-09T16:54:44.881Z] [hosting] uploading with 200 concurrency
[debug] [2026-10-09T16:54:45.170Z] [hosting] hash cache [ZGlzdC9hbHRlYS1wdWItYXBwMg] stored for 78 files
[debug] [2026-10-09T16:54:45.172Z] [hosting][hash queue][FINAL] {"max":259,"min":27,"avg":94.53846153846153,"active":0,"complete":78,"success":78,"errored":0,"retried":0,"total":78,"elapsed":284}
[debug] [2026-10-09T16:54:45.173Z] >>> [apiv2][query] POST https://firebasehosting.googleapis.com/v1beta1/projects/75363142531/sites/altea-pub-app2/versions/1be2ea59527e247f:populateFiles [none]
[debug] [2026-10-09T16:54:45.173Z] >>> [apiv2][body] POST https://firebasehosting.googleapis.com/v1beta1/projects/75363142531/sites/altea-pub-app2/versions/1be2ea59527e247f:populateFiles {"files":{"/394.03f62e878fb77098.js":"964887f8ac951291a71d4edf7933b723df124b95aee714836f2ccffaed9c85e2","/3rdpartylicenses.txt":"c3aa2cc5c3475f133532a81f20aef8fc16abfaf4ec842bfff24ecab1cfcc7b76","/favicon.ico":"a2aee5309d0b59b9b66384ccc3969a07fab1b320d0bf76f1b25047a051d7f774","/chat-bg-pattern.77331394d4a0fe52.png":"164c08c75a06f282b1a107d36d54a9e06e4de6f8e664ac4dd29e6f9de30529b9","/index.html":"2bc5844b81b42163f2b0d42ebcf90c10577a42f59c330de42328d3083e5785dc","/la-regular-400.bfaaab46568c49b1.woff2":"2189b2c7af5f6905b1e3e70c2b2efffe66d241e86212b8a9ea6dbfee4d105912","/la-regular-400.f45e994d16040925.woff":"458776aaada01395c9e68e36b8ccb7cfd67c9dfdded67ecb9d43741d6d75a321","/la-regular-400.df0ba4ff195ecd4d.ttf":"54efebba747acc47fa756aa15a904eda5d9b7c9af22be6a6d9bfbcad6a2b07a5","/la-regular-400.7b67c53353bb145e.eot":"346864d4d6ae38033f2b751de23b53fcec07ed0959c6a2e0efd20650b6793d28","/layers-2x.9859cd1231006a4a.png":"2375c6a391f52637357b5a47e32a68f1487c9d1093a432e75b2c90b3d4e92e3f","/layers.ef6db8722c2c3f9a.png":"936eb9d3b0358fcf2574e08cdb851ba88993f01079d60f78249124da2c345970","/marker-icon.d577052aa271e13f.png":"abf202b4320f8ad8f49b4539646ca5229f5d22c7646d5cbe1330608dc9707c0b","/cover-pattern.a642b6061dc03f13.png":"a4d0cc5db7f284e1020d25ae3f97dc557f38d35129362536d8925c97964f0fae","/hkgrotesk-light.57892263ceb1fbb6.woff":"876acf9f19bc4eba16a88126c2a63ef1681a7d1f0a7863115c174b0d13281ed1","/hkgrotesk-medium.9d630c392536451d.woff":"5c883c1b600b0ea4b97293e2571c84de8e199dd458ae9e416c5c493c2a8b0545","/la-regular-400.5e18e0c4608f4cb5.svg":"48c732de251d38cbf394f9435c7203a84c55f6707a338f05c719a2401ededb83","/hkgrotesk-regular.01e79958751295bf.woff":"2f36c9fb440220c81c45c20e50994f9fe9dd4f6a5381456302492adf63528556","/hkgrotesk-bold.3f85f43e444486bd.woff":"f429f18ea12eba2ec4a61c6cd838ae00d9eb6f7ab808895305c72cd29baaf581","/hkgrotesk-semibold.fc76cfaff4d5c543.woff":"35920808099418958a61a9bbf9f479ebdb0c2d40d0c2abda16407be086cc9664","/283.cba4ea7fec3f5d09.js":"1910d1b0a53d2598d23b77ff1afa9abd20ef4579c8fe85d223300650974ed256","/hkgrotesk-light.5965fc45251552b2.eot":"6236e03328216234ff07eeeca03f923dc71dc3f5a83d77116b366169d0543818","/hkgrotesk-medium.e1d88ad09246f472.eot":"5f4f1606073212a5422c12363ed62c0b42692d27f2ff546001a8b7be0a8fd69b","/178.1f0924da4147f381.js":"e796169da0b718871d85ec77a0f8c35a2b96fe412419026b560b031be6745f0d","/modal-bg.27c441d5141dd116.png":"c997a528fb6daf874cd9477c3439eafeb31685d16111f5f729e4909e34f8235e","/new.7c1eea3df3854701.png":"73a5f95e144def165b4b09adf5879e71eb16d5fccfe92b04f64bbb5d69379d51","/polyfills.998e467f1893fc98.js":"e43e8ec7d6316155e7c5d7c42c9d5d7c8e13b2f8ec80d747d4c440770b57c56a","/runtime.97929bfe45f6ee6d.js":"dc9dde3d114f60bcb9ae159f7763c29169db028acd80f44da46b165bd037c6bd","/file.e7e5607ec95f3fa4.png":"779d3f8b431811a428e2dc61074ecc5d4ac8c903d05f095bb260613586fa1c45","/hkgrotesk-regular.7a6dce1f4589658a.eot":"10a7f47ef82b6ba44b55720bcad098678df444c9e28ce31b28dac3b9a21a5656","/hkgrotesk-semibold.f2379e59638431a8.eot":"ba2067db7cd165e16743d944031b5602863cfeba8c3e16abeec76219db14accf","/us.7507020e4ad60561.svg":"c2d3400fd0f3ac1c69a9199b008335396deed6575adb6d574e756da1e3ae21df","/la-brands-400.122c41372c4c30ef.woff2":"97e165c39b3012938e22f89fdade796cef285b35829c353816ff4f508a3e8b4b","/la-solid-900.8e5c796f7b2aed25.woff2":"c61c5e258d9caab2ec0a2e52a14a6dafc20b3739fbfef331082e85487bc22e15","/assets/acq-site.js":"b19a19b38f4cf6a3adc4a75bee9704677d1ab256f65414f875f322eddaa784db","/bg-pattern.3a42b704e7cb1d85.png":"ae1231dad8ca363789ac43db4ba66c4eff24055d3d6d5671bbd589973021192d","/boxicons.abc77e2b01e3ffa2.woff2":"2b6decd25cbbc78336fd90436e4ad876e7c1efec022c69f822da50f8e0eec61b","/assets/google_g_icon_download.png":"ffaf5d30d1c53655921d8db593cbba9a726e48f24b1b90e3aec625fd0180a64e","/assets/i18n/_copy.sh":"46bfc7f613d0c7e4501e43ec83bc2ef7f3367d3f82ab5f9e32bd2b81f97b22a4","/assets/i18n/_copy_i18n.sh":"46bfc7f613d0c7e4501e43ec83bc2ef7f3367d3f82ab5f9e32bd2b81f97b22a4","/img-2.d7e5c55e01ff9707.jpg":"9eb4ad21320086e2a2cfbadcceaca1fc530cff0bc09757a0b6a3f0fce9cc267f","/la-brands-400.1ec1f0f5e9b47729.woff":"ed7db87362f34741ef5e6f78383803af0b32888c0dcaf76097c641b6dcd417c3","/assets/i18n/ar.json":"07bbead7edc3c1f4df88442130ef4bdb30172b1a9531abb57a8a800d804a7b32","/assets/i18n/ch.json":"19df2db87796cad934bf67217e954c79fb86c639b4b2fd04ebba9d489e9557e9","/assets/i18n/de.json":"0f14808e8c48688a60ce6320aead989576dc4c936097505d25e81e4bbc083176","/assets/i18n/es.json":"a741255e0e73137bce81d6812425ac470e06a69c4095fa22eac6dfc944a0449f","/img-4.80add32a3fc31c2c.jpg":"9b1637db0e1988d2b2ead82113f0ba0b02bcaaee999969dda85b4677eb271010","/assets/i18n/fr.json":"964a40738b5cb8795ad7efe2bc38f329ccbc84e2a011890c1af4506cbc02faa0","/la-brands-400.4343d0c03a27309c.ttf":"5381b957969ee1f29c3369413085b6fc9a333ad5d47199aec4c704a81258e001","/la-brands-400.48e899639c6bf6a0.eot":"b3dd3daa88695c6f005f887d501992e1e220384e44938358fec8e3b030359eeb","/la-solid-900.7dd8151283d9b172.woff":"290f6333baa1bde7a5713939d620a006da83f0359c12eb54f1182a392ba476f6","/assets/i18n/en.json":"6f9cee2c9f5dd84a23a23f82ec368ead657e912d761f690fadee6bb16d7c35c3","/assets/i18n/it.json":"fe4831532ed31ed11d3246ec2ee137d17ffea23021cd5875d592edd36621842a","/assets/i18n/ru.json":"70e3e8727b2e67048909dd2a98abcdd92adbc24facecd668589378ff171a0e11","/la-solid-900.85692007dc7434ae.eot":"00694e8d9b46db1205b37f6b48db34686433f4c2acabdaa916cc332596147b6a","/la-solid-900.582c3a0f88bd2b11.ttf":"ed0f657ddda4c429eb8c42c077735e9ed8e2cac5232b6f841655202af60efdfc","/marketplace.e53e03de6ea28a05.png":"a105e26d580c9f996f8dc0605d0bff7949837feb02549f64002815b398898593","/remixicon.5400338c84024be0.woff2":"522b63ad8ca5360540083af9c986e4492ea0a427271a26c48fd2688e274d2a48","/img-3.e60aea1b7910483b.jpg":"938ef3308eaf5316c95b20b3d76e74fe9b2f393be8f94c77ba688fca6255d8c2","/boxicons.19e35579b06f08b4.woff":"db75617119a60ef5bdc78c5a6e0b3abbf7a1bf23f3993563287ae070156bd36f","/boxicons.b3ffe54f12508994.ttf":"c92f6a501e1b14daac69ac85aea7956f5178c6b2bed590b90822cfbc32250ca1","/img-1.1321161ed627fd2f.jpg":"217b0e23c36c09adf43daf63448855a1a0b4501fa59e9a689ac6c2db62c61e51","/remixicon.1e0fb76ba013b0d6.woff":"4fb0047121e1749844633200d91d79a9020ded64caf16e3d39efa9f1bbebedbf","/auth-one-bg.9284af3a86f94b07.jpg":"fcaf947efe2ee07b27a0f8dc662967b1a12b18b6446ae93eafa14c8f170a7fbe","/remixicon.e313410cccf5d407.ttf":"643e37234f9e01459ae8262fb592df5136e16f41a3ee1edc8118b1fd08a4bb28","/remixicon.f12fd1a060b1bad6.eot":"272e7bcde1b4be490b7a3ad905106ac2c74f3b8119a04ca2ecfe6afc02ed122a","/boxicons.421aa126d362d8aa.eot":"dc78ba1416cae3118f3312ea89fae34146f83731064b7f0498f508a0c17735e9","/materialdesignicons-webfont.477c6ab0eeaed7c9.woff2":"92e7720e69e821967fa4c80bcf66aadc59f384fee431e7f9f0d067244d61470a","/materialdesignicons-webfont.3de8526e20c1a76f.woff":"e94ea3c6283bb00b6867b35e09fcce084a163029857e828c259201da801685f0","/bg-home.961a815737e843b9.jpg":"1d26fbbd3a10dd0a3a9b91652cf6524bd603fabeed804307bbda4832e82a8a2a","/la-solid-900.56cddde23bd79870.svg":"fd60c9e1ae4872d23195d9285c9faa4c5950cfc0275c594ed073e47b5bacd7f3","/la-brands-400.76d3b8a5d276f14e.svg":"bc041e148d2cb8a433c27f42b3cdf3e61f9d4522ddb7e12801b20585e1b7d548","/boxicons.da482f25cf6a0a88.svg":"a68e161ec52b5e7f0160727ea51cd23e3211268fec896a66d198b8166c568489","/assets/book-birdy.png":"ec247c6df27b9be678740c11933774d6b47c21f997d5a5dde1f85b2e145d751e","/styles.ea1014e5325d13be.css":"ee9a5fc049f8730c6ea9f2eff0f8e584bea1ee034ac0809610f5c5db33e855d7","/materialdesignicons-webfont.dfd403cf792b75b4.ttf":"1879c3fb53ae114c4573b99104a631e992e57e8bda1d213b93fd461b1e437a59","/materialdesignicons-webfont.48a1ce0c1b60767e.eot":"67c20a571e3d08e587f33f8e3e79fed91211c47caacb1a69cedd732748c1d69c","/remixicon.2b2ee314272f7335.svg":"20c33c7728d00ba6364efa29fb99bc60a207fbd357b98e6343462bd443ca559e","/main.fe711725341250fd.js":"63763b73f4d0a6597b91a6949d3ebc2250dc02fb7ab0c4af19754e49d9623e2c"}}
[debug] [2026-10-09T16:54:46.332Z] <<< [apiv2][status] POST https://firebasehosting.googleapis.com/v1beta1/projects/75363142531/sites/altea-pub-app2/versions/1be2ea59527e247f:populateFiles 200
[debug] [2026-10-09T16:54:46.332Z] <<< [apiv2][body] POST https://firebasehosting.googleapis.com/v1beta1/projects/75363142531/sites/altea-pub-app2/versions/1be2ea59527e247f:populateFiles {"uploadRequiredHashes":["2bc5844b81b42163f2b0d42ebcf90c10577a42f59c330de42328d3083e5785dc","b19a19b38f4cf6a3adc4a75bee9704677d1ab256f65414f875f322eddaa784db","63763b73f4d0a6597b91a6949d3ebc2250dc02fb7ab0c4af19754e49d9623e2c"],"uploadUrl":"https://upload-firebasehosting.googleapis.com/upload/sites/altea-pub-app2/versions/1be2ea59527e247f/files"}
[debug] [2026-10-09T16:54:46.333Z] >>> [apiv2][query] POST https://upload-firebasehosting.googleapis.com/upload/sites/altea-pub-app2/versions/1be2ea59527e247f/files/2bc5844b81b42163f2b0d42ebcf90c10577a42f59c330de42328d3083e5785dc [none]
[debug] [2026-10-09T16:54:46.333Z] >>> [apiv2][body] POST https://upload-firebasehosting.googleapis.com/upload/sites/altea-pub-app2/versions/1be2ea59527e247f/files/2bc5844b81b42163f2b0d42ebcf90c10577a42f59c330de42328d3083e5785dc [stream]
[debug] [2026-10-09T16:54:46.334Z] >>> [apiv2][query] POST https://upload-firebasehosting.googleapis.com/upload/sites/altea-pub-app2/versions/1be2ea59527e247f/files/b19a19b38f4cf6a3adc4a75bee9704677d1ab256f65414f875f322eddaa784db [none]
[debug] [2026-10-09T16:54:46.334Z] >>> [apiv2][body] POST https://upload-firebasehosting.googleapis.com/upload/sites/altea-pub-app2/versions/1be2ea59527e247f/files/b19a19b38f4cf6a3adc4a75bee9704677d1ab256f65414f875f322eddaa784db [stream]
[debug] [2026-10-09T16:54:46.336Z] >>> [apiv2][query] POST https://upload-firebasehosting.googleapis.com/upload/sites/altea-pub-app2/versions/1be2ea59527e247f/files/63763b73f4d0a6597b91a6949d3ebc2250dc02fb7ab0c4af19754e49d9623e2c [none]
[debug] [2026-10-09T16:54:46.336Z] >>> [apiv2][body] POST https://upload-firebasehosting.googleapis.com/upload/sites/altea-pub-app2/versions/1be2ea59527e247f/files/63763b73f4d0a6597b91a6949d3ebc2250dc02fb7ab0c4af19754e49d9623e2c [stream]
[debug] [2026-10-09T16:54:46.338Z] [hosting][populate queue][FINAL] {"max":1166,"min":1166,"avg":1166,"active":0,"complete":1,"success":1,"errored":0,"retried":0,"total":1,"elapsed":1171}
[debug] [2026-10-09T16:54:46.338Z] [hosting] uploads queued: 3
[debug] [2026-10-09T16:54:47.247Z] <<< [apiv2][status] POST https://upload-firebasehosting.googleapis.com/upload/sites/altea-pub-app2/versions/1be2ea59527e247f/files/63763b73f4d0a6597b91a6949d3ebc2250dc02fb7ab0c4af19754e49d9623e2c 200
[debug] [2026-10-09T16:54:47.248Z] <<< [apiv2][body] POST https://upload-firebasehosting.googleapis.com/upload/sites/altea-pub-app2/versions/1be2ea59527e247f/files/63763b73f4d0a6597b91a6949d3ebc2250dc02fb7ab0c4af19754e49d9623e2c [stream]
[debug] [2026-10-09T16:54:47.272Z] <<< [apiv2][status] POST https://upload-firebasehosting.googleapis.com/upload/sites/altea-pub-app2/versions/1be2ea59527e247f/files/2bc5844b81b42163f2b0d42ebcf90c10577a42f59c330de42328d3083e5785dc 200
[debug] [2026-10-09T16:54:47.272Z] <<< [apiv2][body] POST https://upload-firebasehosting.googleapis.com/upload/sites/altea-pub-app2/versions/1be2ea59527e247f/files/2bc5844b81b42163f2b0d42ebcf90c10577a42f59c330de42328d3083e5785dc [stream]
[debug] [2026-10-09T16:54:47.667Z] <<< [apiv2][status] POST https://upload-firebasehosting.googleapis.com/upload/sites/altea-pub-app2/versions/1be2ea59527e247f/files/b19a19b38f4cf6a3adc4a75bee9704677d1ab256f65414f875f322eddaa784db 200
[debug] [2026-10-09T16:54:47.668Z] <<< [apiv2][body] POST https://upload-firebasehosting.googleapis.com/upload/sites/altea-pub-app2/versions/1be2ea59527e247f/files/b19a19b38f4cf6a3adc4a75bee9704677d1ab256f65414f875f322eddaa784db [stream]
[debug] [2026-10-09T16:54:47.668Z] [hosting][upload queue][FINAL] {"max":1335,"min":915,"avg":1063.3333333333333,"active":0,"complete":3,"success":3,"errored":0,"retried":0,"total":3,"elapsed":1336}
[info] ✔  hosting[altea-pub-app2]: file upload complete 
[debug] [2026-10-09T16:54:47.671Z] [hosting] deploy completed after 2813ms
[debug] [2026-10-09T16:54:47.671Z] [
  {
    "config": {
      "target": "altea-pub-app2",
      "public": "dist/altea-pub-app2",
      "ignore": [
        "firebase.json",
        "**/.*",
        "**/node_modules/**"
      ],
      "rewrites": [
        {
          "source": "**",
          "destination": "/index.html"
        }
      ],
      "frameworksBackend": {
        "region": "europe-west1"
      },
      "site": "altea-pub-app2"
    },
    "version": "projects/75363142531/sites/altea-pub-app2/versions/1be2ea59527e247f"
  }
]
[info] i  hosting[altea-pub-app2]: finalizing version... 
[debug] [2026-10-09T16:54:47.673Z] >>> [apiv2][query] PATCH https://firebasehosting.googleapis.com/v1beta1/projects/-/sites/altea-pub-app2/versions/1be2ea59527e247f updateMask=status%2Cconfig
[debug] [2026-10-09T16:54:47.674Z] >>> [apiv2][body] PATCH https://firebasehosting.googleapis.com/v1beta1/projects/-/sites/altea-pub-app2/versions/1be2ea59527e247f {"status":"FINALIZED","config":{"rewrites":[{"glob":"**","path":"/index.html"}]}}
[debug] [2026-10-09T16:54:49.118Z] <<< [apiv2][status] PATCH https://firebasehosting.googleapis.com/v1beta1/projects/-/sites/altea-pub-app2/versions/1be2ea59527e247f 200
[debug] [2026-10-09T16:54:49.118Z] <<< [apiv2][body] PATCH https://firebasehosting.googleapis.com/v1beta1/projects/-/sites/altea-pub-app2/versions/1be2ea59527e247f {"name":"projects/75363142531/sites/altea-pub-app2/versions/1be2ea59527e247f","status":"FINALIZED","config":{"rewrites":[{"glob":"**","path":"/index.html"}]},"labels":{"deployment-tool":"cli-firebase"},"createTime":"2026-10-09T16:54:43.791106Z","createUser":{"email":"birdy.dvit@gmail.com"},"finalizeTime":"2026-10-09T16:54:48.972963Z","finalizeUser":{"email":"birdy.dvit@gmail.com"}}
[debug] [2026-10-09T16:54:49.118Z] [hosting] finalized version for altea-pub-app2:[object Object]
[info] ✔  hosting[altea-pub-app2]: version finalized 
[info] i  hosting[altea-pub-app2]: releasing new version... 
[debug] [2026-10-09T16:54:49.120Z] >>> [apiv2][query] POST https://firebasehosting.googleapis.com/v1beta1/projects/-/sites/altea-pub-app2/channels/live/releases versionName=projects%2F75363142531%2Fsites%2Faltea-pub-app2%2Fversions%2F1be2ea59527e247f
[debug] [2026-10-09T16:54:49.120Z] >>> [apiv2][body] POST https://firebasehosting.googleapis.com/v1beta1/projects/-/sites/altea-pub-app2/channels/live/releases {}
